******************************************************************************
                  TI ARM Linker PC v20.2.7                     
******************************************************************************
>> Linked Fri Oct 25 02:15:19 2024

OUTPUT FILE NAME:   <TimePass.out>
ENTRY POINT SYMBOL: "_c_int00_noargs"  address: 00002335


MEMORY CONFIGURATION

         name            origin    length      used     unused   attr    fill
----------------------  --------  ---------  --------  --------  ----  --------
  FLASH                 00000000   00040000  00002474  0003db8c  R  X
  SRAM                  20000000   00008000  00000219  00007de7  RW X


SEGMENT ALLOCATION MAP

run origin  load origin   length   init length attrs members
----------  ----------- ---------- ----------- ----- -------
00000000    00000000    00002478   00002478    r-x
  00000000    00000000    0000026c   0000026c    r-- .intvecs
  0000026c    0000026c    00002188   00002188    r-x .text
  000023f8    000023f8    00000050   00000050    r-- .const
  00002448    00002448    00000030   00000030    r-- .cinit
20000000    20000000    00000219   00000000    rw-
  20000000    20000000    00000200   00000000    rw- .stack
  20000200    20000200    00000010   00000000    rw- .bss
  20000210    20000210    00000009   00000000    rw- .data


SECTION ALLOCATION MAP

 output                                  attributes/
section   page    origin      length       input sections
--------  ----  ----------  ----------   ----------------
.intvecs   0    00000000    0000026c     
                  00000000    0000026c     tm4c123gh6pm_startup_ccs.obj (.intvecs)

.text      0    0000026c    00002188     
                  0000026c    00001628     printf.obj (.text)
                  00001894    000001b6     rtsv7M4_T_le_v4SPD16_eabi.lib : fd_add_t2.asm.obj (.text)
                  00001a4a    00000002                                   : div0.asm.obj (.text)
                  00001a4c    00000178     uart.obj (.text)
                  00001bc4    00000136     rtsv7M4_T_le_v4SPD16_eabi.lib : fd_div_t2.asm.obj (.text)
                  00001cfa    000000fc                                   : fd_mul_t2.asm.obj (.text)
                  00001df6    000000e4     ring_buffer.obj (.text)
                  00001eda    00000002     --HOLE-- [fill = 0]
                  00001edc    0000009c     main.obj (.text)
                  00001f78    0000009c     rtsv7M4_T_le_v4SPD16_eabi.lib : memcpy_t2.asm.obj (.text)
                  00002014    00000096                                   : ull_div_t2.asm.obj (.text)
                  000020aa    00000086                                   : fd_cmp_t2.asm.obj (.text:__aeabi_cdcmple)
                  00002130    00000086                                   : fd_cmp_t2.asm.obj (.text:__aeabi_cdrcmple)
                  000021b6    00000068                                   : copy_decompress_lzss.c.obj (.text:decompress:lzss:__TI_decompress_lzss)
                  0000221e    00000048                                   : fd_toi_t2.asm.obj (.text)
                  00002266    00000002     --HOLE-- [fill = 0]
                  00002268    00000044                                   : autoinit.c.obj (.text:__TI_auto_init_nobinit_nopinit:__TI_auto_init_nobinit_nopinit)
                  000022ac    00000044                                   : fd_tou_t2.asm.obj (.text)
                  000022f0    00000044     trace.obj (.text)
                  00002334    00000034     rtsv7M4_T_le_v4SPD16_eabi.lib : boot_cortex_m.c.obj (.text:_c_int00_noargs:_c_int00_noargs)
                  00002368    0000002e                                   : i_tofd_t2.asm.obj (.text)
                  00002396    00000020                                   : u_tofd_t2.asm.obj (.text)
                  000023b6    0000001c                                   : copy_zero_init.c.obj (.text:decompress:ZI:__TI_zero_init_nomemset:__TI_zero_init_nomemset)
                  000023d2    0000000e                                   : copy_decompress_none.c.obj (.text:decompress:none:__TI_decompress_none)
                  000023e0    0000000c     tm4c123gh6pm_startup_ccs.obj (.text)
                  000023ec    00000004     rtsv7M4_T_le_v4SPD16_eabi.lib : pre_init.c.obj (.text:_system_pre_init)
                  000023f0    00000004                                   : exit.c.obj (.text:abort:abort)

.const     0    000023f8    00000050     
                  000023f8    00000050     printf.obj (.const:pow10$1)

.cinit     0    00002448    00000030     
                  00002448    0000000c     (.cinit..data.load) [load image, compression = lzss]
                  00002454    0000000c     (__TI_handler_table)
                  00002460    00000008     (.cinit..bss.load) [load image, compression = zero_init]
                  00002468    00000010     (__TI_cinit_table)

.init_array 
*          0    00000000    00000000     UNINITIALIZED

.bss       0    20000200    00000010     UNINITIALIZED
                  20000200    00000010     uart.obj (.bss:buffer)

.data      0    20000210    00000009     UNINITIALIZED
                  20000210    00000008     uart.obj (.data:tx_buffer)
                  20000218    00000001     trace.obj (.data)

.stack     0    20000000    00000200     UNINITIALIZED
                  20000000    00000004     rtsv7M4_T_le_v4SPD16_eabi.lib : boot_cortex_m.c.obj (.stack)
                  20000004    000001fc     --HOLE--

__llvm_prf_cnts 
*          0    20000000    00000000     UNINITIALIZED

MODULE SUMMARY

       Module                         code   ro data   rw data
       ------                         ----   -------   -------
    .\
       printf.obj                     5672   80        0      
       tm4c123gh6pm_startup_ccs.obj   12     620       0      
       uart.obj                       376    0         24     
       ring_buffer.obj                228    0         0      
       main.obj                       156    0         0      
       trace.obj                      68     0         1      
    +--+------------------------------+------+---------+---------+
       Total:                         6512   700       25     
                                                              
    C:\ti\ccs1271\ccs\tools\compiler\ti-cgt-arm_20.2.7.LTS\lib\rtsv7M4_T_le_v4SPD16_eabi.lib
       fd_add_t2.asm.obj              438    0         0      
       fd_div_t2.asm.obj              310    0         0      
       fd_cmp_t2.asm.obj              268    0         0      
       fd_mul_t2.asm.obj              252    0         0      
       memcpy_t2.asm.obj              156    0         0      
       ull_div_t2.asm.obj             150    0         0      
       copy_decompress_lzss.c.obj     104    0         0      
       fd_toi_t2.asm.obj              72     0         0      
       autoinit.c.obj                 68     0         0      
       fd_tou_t2.asm.obj              68     0         0      
       boot_cortex_m.c.obj            52     0         0      
       i_tofd_t2.asm.obj              46     0         0      
       u_tofd_t2.asm.obj              32     0         0      
       copy_zero_init.c.obj           28     0         0      
       copy_decompress_none.c.obj     14     0         0      
       exit.c.obj                     4      0         0      
       pre_init.c.obj                 4      0         0      
       div0.asm.obj                   2      0         0      
    +--+------------------------------+------+---------+---------+
       Total:                         2068   0         0      
                                                              
       Stack:                         0      0         512    
       Linker Generated:              0      48        0      
    +--+------------------------------+------+---------+---------+
       Grand Total:                   8580   748       537    


LINKER GENERATED COPY TABLES

__TI_cinit_table @ 00002468 records: 2, size/record: 8, table size: 16
	.data: load addr=00002448, load size=0000000c bytes, run addr=20000210, run size=00000009 bytes, compression=lzss
	.bss: load addr=00002460, load size=00000008 bytes, run addr=20000200, run size=00000010 bytes, compression=zero_init


LINKER GENERATED HANDLER TABLE

__TI_handler_table @ 00002454 records: 3, size/record: 4, table size: 12
	index: 0, handler: __TI_decompress_lzss
	index: 1, handler: __TI_decompress_none
	index: 2, handler: __TI_zero_init


GLOBAL SYMBOLS: SORTED ALPHABETICALLY BY Name 

address   name                          
-------   ----                          
000023f1  C$$EXIT                       
00001edd  GPIOPortA_Init                
000023e1  ResetISR                      
00001a8b  UART0Handler                  
20000200  __STACK_END                   
00000200  __STACK_SIZE                  
20000200  __STACK_TOP                   
00002468  __TI_CINIT_Base               
00002478  __TI_CINIT_Limit              
00002454  __TI_Handler_Table_Base       
00002460  __TI_Handler_Table_Limit      
00002269  __TI_auto_init_nobinit_nopinit
000021b7  __TI_decompress_lzss          
000023d3  __TI_decompress_none          
ffffffff  __TI_pprof_out_hndl           
ffffffff  __TI_prof_data_size           
ffffffff  __TI_prof_data_start          
00000000  __TI_static_base__            
000023b7  __TI_zero_init_nomemset       
000020ab  __aeabi_cdcmpeq               
000020ab  __aeabi_cdcmple               
00002131  __aeabi_cdrcmple              
0000221f  __aeabi_d2iz                  
000022ad  __aeabi_d2uiz                 
0000189f  __aeabi_dadd                  
00001bc5  __aeabi_ddiv                  
00001cfb  __aeabi_dmul                  
00001895  __aeabi_dsub                  
00002369  __aeabi_i2d                   
00001a4b  __aeabi_idiv0                 
00001a4b  __aeabi_ldiv0                 
00001f79  __aeabi_memcpy                
00001f79  __aeabi_memcpy4               
00001f79  __aeabi_memcpy8               
00002397  __aeabi_ui2d                  
00002015  __aeabi_uldivmod              
ffffffff  __binit__                     
ffffffff  __c_args__                    
UNDEFED   __mpu_init                    
20000000  __stack                       
20000000  __start___llvm_prf_cnts       
20000000  __stop___llvm_prf_cnts        
00002335  _c_int00_noargs               
00001b3f  _putchar                      
UNDEFED   _system_post_cinit            
000023ed  _system_pre_init              
000023f1  abort                         
ffffffff  binit                         
00001ef5  delay                         
0000184b  fctprintf                     
00000000  g_pfnVectors                  
00001f19  main                          
00001f79  memcpy                        
0000176d  printf_                       
00001ebb  ring_buffer_empty             
00001e7f  ring_buffer_full              
00001e2d  ring_buffer_get               
00001e63  ring_buffer_peek              
00001df7  ring_buffer_put               
000017d5  snprintf_                     
0000179f  sprintf_                      
00002305  trace                         
000022f1  trace_init                    
00001a65  uart_clear_tx_interrupt       
00001a59  uart_disable_interrupt        
00001a4d  uart_enable_interrupt         
00001aab  uart_init                     
00001b15  uart_putchar_polling          
00001a71  uart_tx_start                 
00001809  vprintf_                      
00001829  vsnprintf_                    


GLOBAL SYMBOLS: SORTED BY Symbol Address 

address   name                          
-------   ----                          
00000000  __TI_static_base__            
00000000  g_pfnVectors                  
00000200  __STACK_SIZE                  
0000176d  printf_                       
0000179f  sprintf_                      
000017d5  snprintf_                     
00001809  vprintf_                      
00001829  vsnprintf_                    
0000184b  fctprintf                     
00001895  __aeabi_dsub                  
0000189f  __aeabi_dadd                  
00001a4b  __aeabi_idiv0                 
00001a4b  __aeabi_ldiv0                 
00001a4d  uart_enable_interrupt         
00001a59  uart_disable_interrupt        
00001a65  uart_clear_tx_interrupt       
00001a71  uart_tx_start                 
00001a8b  UART0Handler                  
00001aab  uart_init                     
00001b15  uart_putchar_polling          
00001b3f  _putchar                      
00001bc5  __aeabi_ddiv                  
00001cfb  __aeabi_dmul                  
00001df7  ring_buffer_put               
00001e2d  ring_buffer_get               
00001e63  ring_buffer_peek              
00001e7f  ring_buffer_full              
00001ebb  ring_buffer_empty             
00001edd  GPIOPortA_Init                
00001ef5  delay                         
00001f19  main                          
00001f79  __aeabi_memcpy                
00001f79  __aeabi_memcpy4               
00001f79  __aeabi_memcpy8               
00001f79  memcpy                        
00002015  __aeabi_uldivmod              
000020ab  __aeabi_cdcmpeq               
000020ab  __aeabi_cdcmple               
00002131  __aeabi_cdrcmple              
000021b7  __TI_decompress_lzss          
0000221f  __aeabi_d2iz                  
00002269  __TI_auto_init_nobinit_nopinit
000022ad  __aeabi_d2uiz                 
000022f1  trace_init                    
00002305  trace                         
00002335  _c_int00_noargs               
00002369  __aeabi_i2d                   
00002397  __aeabi_ui2d                  
000023b7  __TI_zero_init_nomemset       
000023d3  __TI_decompress_none          
000023e1  ResetISR                      
000023ed  _system_pre_init              
000023f1  C$$EXIT                       
000023f1  abort                         
00002454  __TI_Handler_Table_Base       
00002460  __TI_Handler_Table_Limit      
00002468  __TI_CINIT_Base               
00002478  __TI_CINIT_Limit              
20000000  __stack                       
20000000  __start___llvm_prf_cnts       
20000000  __stop___llvm_prf_cnts        
20000200  __STACK_END                   
20000200  __STACK_TOP                   
ffffffff  __TI_pprof_out_hndl           
ffffffff  __TI_prof_data_size           
ffffffff  __TI_prof_data_start          
ffffffff  __binit__                     
ffffffff  __c_args__                    
ffffffff  binit                         
UNDEFED   __mpu_init                    
UNDEFED   _system_post_cinit            

[71 symbols]
